Microchip Technology Inc, v1.33 (A)

Tool Name:
  c:\program files (x86)\microchip\xc16\v1.33\bin\bin\..\bin/elf-ld.exe

Command:
  -p24F08KL200 \
  -o \
  dist/default/production/CR-18.X.production.elf \
  -Lc:/program files (x86)/microchip/xc16/v1.33/bin/bin/.. \
  -Lc:/program files (x86)/microchip/xc16/v1.33/bin/bin/../../lib \
  -Lc:/program files (x86)/microchip/xc16/v1.33/bin/bin/../../support/PIC24E/gld \
  -Lc:/program files (x86)/microchip/xc16/v1.33/bin/bin/../../support/PIC24F/gld \
  -Lc:/program files (x86)/microchip/xc16/v1.33/bin/bin/../../support/PIC24H/gld \
  -Lc:/program files (x86)/microchip/xc16/v1.33/bin/bin/../../support/dsPIC30F/gld \
  -Lc:/program files (x86)/microchip/xc16/v1.33/bin/bin/../../support/dsPIC33C/gld \
  -Lc:/program files (x86)/microchip/xc16/v1.33/bin/bin/../../support/dsPIC33E/gld \
  -Lc:/program files (x86)/microchip/xc16/v1.33/bin/bin/../../support/dsPIC33F/gld \
  build/default/production/main.o \
  build/default/production/common.o \
  build/default/production/app_lora.o \
  build/default/production/uart.o \
  --defsym=__MPLAB_BUILD=1 \
  -Tp24F08KL200.gld.00 \
  --stack=16 \
  --check-sections \
  --data-init \
  --pack-data \
  --handles \
  --isr \
  --no-gc-sections \
  --fill-upper=0 \
  --stackguard=16 \
  --no-force-link \
  --smart-io \
  -Map=dist/default/production/CR-18.X.production.map \
  --report-mem \
  --memorysummary \
  dist/default/production/memoryfile.xml \
  -start-group \
  --library=lega-pic30-elf \
  --library=m-elf \
  --library=lega-c-elf \
  -end-group \


Optional library libpPIC24Fxxx.a not found
Archive member included because of file (symbol)

c:/program files (x86)/microchip/xc16/v1.33/bin/bin/../../lib\liblega-pic30-elf.a(crt0_standard.o)
                              (__resetPRI)
c:/program files (x86)/microchip/xc16/v1.33/bin/bin/../../lib\liblega-pic30-elf.a(data_init_standard.o)
                              c:/program files (x86)/microchip/xc16/v1.33/bin/bin/../../lib\liblega-pic30-elf.a(crt0_standard.o) (__data_init_standard)
c:/program files (x86)/microchip/xc16/v1.33/bin/bin/../../lib\liblega-pic30-elf.a(crt_start_mode_normal.Leo)
                              (__crt_start_mode_normal)
c:/program files (x86)/microchip/xc16/v1.33/bin/bin/../../lib\liblega-c-elf.a(memcpy.XX_eo)
                              build/default/production/app_lora.o (_memcpy)
c:/program files (x86)/microchip/xc16/v1.33/bin/bin/../../lib\liblega-c-elf.a(strcmp.XX_eo)
                              build/default/production/app_lora.o (_strcmp)
c:/program files (x86)/microchip/xc16/v1.33/bin/bin/../../lib\liblega-c-elf.a(sprintf_cdnopuxX.XXeo)
                              build/default/production/app_lora.o (__sprintf_cdnopuxX)
c:/program files (x86)/microchip/xc16/v1.33/bin/bin/../../lib\liblega-c-elf.a(xprintf_cdnopuxX.XXeo)
                              c:/program files (x86)/microchip/xc16/v1.33/bin/bin/../../lib\liblega-c-elf.a(sprintf_cdnopuxX.XXeo) (___Printf_cdnopuxX)
c:/program files (x86)/microchip/xc16/v1.33/bin/bin/../../lib\liblega-c-elf.a(xputfld_cdnopuxX.XXeo)
                              c:/program files (x86)/microchip/xc16/v1.33/bin/bin/../../lib\liblega-c-elf.a(xprintf_cdnopuxX.XXeo) (___Putfld_cdnopuxX)
c:/program files (x86)/microchip/xc16/v1.33/bin/bin/../../lib\liblega-c-elf.a(strchr.XX_eo)
                              c:/program files (x86)/microchip/xc16/v1.33/bin/bin/../../lib\liblega-c-elf.a(xprintf_cdnopuxX.XXeo) (_strchr)
c:/program files (x86)/microchip/xc16/v1.33/bin/bin/../../lib\liblega-c-elf.a(xlitob.XX_eo)
                              c:/program files (x86)/microchip/xc16/v1.33/bin/bin/../../lib\liblega-c-elf.a(xputfld_cdnopuxX.XXeo) (__Litob)
c:/program files (x86)/microchip/xc16/v1.33/bin/bin/../../lib\liblega-c-elf.a(xputtxt.XX_eo)
                              c:/program files (x86)/microchip/xc16/v1.33/bin/bin/../../lib\liblega-c-elf.a(xprintf_cdnopuxX.XXeo) (__Puttxt)
c:/program files (x86)/microchip/xc16/v1.33/bin/bin/../../lib\liblega-c-elf.a(xvacopy.XX_eo)
                              c:/program files (x86)/microchip/xc16/v1.33/bin/bin/../../lib\liblega-c-elf.a(xprintf_cdnopuxX.XXeo) (__Vacopy)
c:/program files (x86)/microchip/xc16/v1.33/bin/bin/../../lib\libm-elf.a(divsi3.eo)
                              c:/program files (x86)/microchip/xc16/v1.33/bin/bin/../../lib\liblega-c-elf.a(xlitob.XX_eo) (___divsi3)
c:/program files (x86)/microchip/xc16/v1.33/bin/bin/../../lib\libm-elf.a(udivsi3.eo)
                              c:/program files (x86)/microchip/xc16/v1.33/bin/bin/../../lib\liblega-c-elf.a(xlitob.XX_eo) (___udivsi3)
c:/program files (x86)/microchip/xc16/v1.33/bin/bin/../../lib\libm-elf.a(umodsi3.eo)
                              c:/program files (x86)/microchip/xc16/v1.33/bin/bin/../../lib\liblega-c-elf.a(xlitob.XX_eo) (___umodsi3)
c:/program files (x86)/microchip/xc16/v1.33/bin/bin/../../lib\libm-elf.a(divmoddi3.eo)
                              c:/program files (x86)/microchip/xc16/v1.33/bin/bin/../../lib\liblega-c-elf.a(xlitob.XX_eo) (___udivdi3)


Selected CodeGuard Options:
  FGS:GWRP:OFF
  FGS:GSS0:OFF
  FBS:BWRP:OFF
  FBS:BSS:OFF

CodeGuard FLASH Memory:
  boot    (none)
  secure  (none)
  general 0x200 to 0x15fe

CodeGuard RAM Memory:
  general 0x800 to 0x9ff
  secure  (none)
  boot    (none)


xc16-ld 1.33 (A)

Program Memory  [Origin = 0x200, Length = 0x1400]

section                    address   length (PC units)   length (bytes) (dec)
-------                    -------   -----------------   --------------------
.text                        0x200               0xaee          0x1065  (4197)
.const                       0xcee               0x142           0x1e3  (483)
.text                        0xe30               0x48c           0x6d2  (1746)
.dinit                      0x12bc                0x44            0x66  (102)
.text                       0x1300                0x3c            0x5a  (90)

                 Total program memory used (bytes):         0x19da  (6618) 86%


Data Memory  [Origin = 0x800, Length = 0x200]

section                    address      alignment gaps    total length  (dec)
-------                    -------      --------------    -------------------
.nbss                        0x800                   0            0xc8  (200)
.data                        0x8c8                   0            0x3c  (60)

                 Total data memory used (bytes):          0x104  (260) 50%


Dynamic Memory Usage

region                     address                      maximum length  (dec)
------                     -------                      ---------------------
heap                             0                                   0  (0)
stack                        0x904                                0xfc  (252)

                 Maximum dynamic memory (bytes):           0xfc  (252)


External Symbols in Data Memory (by address):

                    0x0800                  _stUART2
                    0x0808                  _stTemporizacao
                    0x0814                  _enLoRaEstadoAtual
                    0x0816                  _stLoRa
                    0x081c                  _byTemDadosParaEnviar
                    0x081e                  _wRetTrataCmdLoRa
                    0x0820                  _byTemRespostaIntermediaria
                    0x0821                  _byBufferUART2Tx
                    0x0861                  _byBufferUART2Rx
                    0x08a1                  _byBufferAux
                    0x08c2                  _cr18

External Symbols in Data Memory (by name):

                    0x08a1                  _byBufferAux
                    0x0861                  _byBufferUART2Rx
                    0x0821                  _byBufferUART2Tx
                    0x081c                  _byTemDadosParaEnviar
                    0x0820                  _byTemRespostaIntermediaria
                    0x08c2                  _cr18
                    0x0814                  _enLoRaEstadoAtual
                    0x0816                  _stLoRa
                    0x0808                  _stTemporizacao
                    0x0800                  _stUART2
                    0x081e                  _wRetTrataCmdLoRa

External Symbols in Program Memory (by address):

                  0x000200                  __resetPRI
                  0x00023c                  __psv_init
                  0x000252                  __data_init_standard
                  0x000252                  __data_init
                  0x0002cc                  __DefaultInterrupt
                  0x0002d2                  _memcpy
                  0x0002e0                  _strcmp
                  0x000300                  sprintf_cdnopuxX.XXeo:_prout
                  0x00030e                  __sprintf_cdnopuxX
                  0x00032c                  ___Printf_cdnopuxX
                  0x000490                  ___Putfld_cdnopuxX
                  0x0006b4                  _strchr
                  0x0006cc                  __Litob
                  0x00092a                  __Puttxt
                  0x000aa2                  __Vacopy
                  0x000aa6                  ___divsi3
                  0x000ac4                  ___udivsi3
                  0x000ae4                  ___umodsi3
                  0x000b36                  ___udivmoddi3
                  0x000c1c                  ___udivdi3
                  0x000c2a                  ___umoddi3
                  0x000c32                  ___divdi3
                  0x000c92                  ___moddi3
                  0x000e30                  _LORA_TrataComandosLoRa
                  0x001092                  _LORA_VerificaRespostaLoRa
                  0x0010ce                  _LORA_MaquinaDeControleLoRa
                  0x00116a                  _init_pic
                  0x0011dc                  _blink_led
                  0x001300                  _UART_UART2EnviaTxBufferASCII
                  0x001334                  _main
                  0xf80000                  __FBS.sec
                  0xf80004                  __FGS.sec

External Symbols in Program Memory (by name):

                  0x0010ce                  _LORA_MaquinaDeControleLoRa
                  0x000e30                  _LORA_TrataComandosLoRa
                  0x001092                  _LORA_VerificaRespostaLoRa
                  0x001300                  _UART_UART2EnviaTxBufferASCII
                  0x0002cc                  __DefaultInterrupt
                  0xf80000                  __FBS.sec
                  0xf80004                  __FGS.sec
                  0x0006cc                  __Litob
                  0x00092a                  __Puttxt
                  0x000aa2                  __Vacopy
                  0x00032c                  ___Printf_cdnopuxX
                  0x000490                  ___Putfld_cdnopuxX
                  0x000c32                  ___divdi3
                  0x000aa6                  ___divsi3
                  0x000c92                  ___moddi3
                  0x000c1c                  ___udivdi3
                  0x000b36                  ___udivmoddi3
                  0x000ac4                  ___udivsi3
                  0x000c2a                  ___umoddi3
                  0x000ae4                  ___umodsi3
                  0x000252                  __data_init
                  0x000252                  __data_init_standard
                  0x00023c                  __psv_init
                  0x000200                  __resetPRI
                  0x00030e                  __sprintf_cdnopuxX
                  0x0011dc                  _blink_led
                  0x00116a                  _init_pic
                  0x001334                  _main
                  0x0002d2                  _memcpy
                  0x0006b4                  _strchr
                  0x0002e0                  _strcmp
                  0x000300                  sprintf_cdnopuxX.XXeo:_prout

Memory Configuration

Name             Origin             Length             Attributes
data             0x000800           0x000200           a !xr
reset            0x000000           0x000004  
ivt              0x000004           0x0000fc  
_reserved        0x000100           0x000004  
aivt             0x000104           0x0000fc  
program          0x000200           0x001400           xr
FBS              0xf80000           0x000002  
FGS              0xf80004           0x000002  
FOSCSEL          0xf80006           0x000002  
FOSC             0xf80008           0x000002  
FWDT             0xf8000a           0x000002  
FPOR             0xf8000c           0x000002  
FICD             0xf8000e           0x000002  
*default*        0x000000           0xffffffff  

Linker script and memory map

LOAD build/default/production/main.o
LOAD build/default/production/common.o
LOAD build/default/production/app_lora.o
LOAD build/default/production/uart.o
                    0x0001                  __MPLAB_BUILD = 0x1
LOAD pPIC24Fxxx
LOAD c:/program files (x86)/microchip/xc16/v1.33/bin/bin/../../lib\libfx-elf.a
                    0xf80000                  __FBS = 0xf80000
                    0xf80004                  __FGS = 0xf80004
                    0xf80006                  __FOSCSEL = 0xf80006
                    0xf80008                  __FOSC = 0xf80008
                    0xf8000a                  __FWDT = 0xf8000a
                    0xf8000c                  __FPOR = 0xf8000c
                    0xf8000e                  __FICD = 0xf8000e
                    0x0001                  __NO_HANDLES = 0x1
                    0x0200                  __CODE_BASE = 0x200
                    0x1400                  __CODE_LENGTH = 0x1400
                    0x0004                  __IVT_BASE = 0x4
                    0x0104                  __AIVT_BASE = 0x104
                    0x0800                  __DATA_BASE = 0x800
                    0x0200                  __DATA_LENGTH = 0x200

.reset            0x000000          0x4
                  0x000000          0x2 SHORT 0x200 ABSOLUTE (__reset)
                  0x000001          0x2 SHORT 0x4
                  0x000002          0x2 SHORT 0x0 ((ABSOLUTE (__reset) >> 0x10) & 0x7f)
                  0x000003          0x2 SHORT 0x0

.text             0x000200        0xaee
 *(.init)
 .init            0x000200         0x4c c:/program files (x86)/microchip/xc16/v1.33/bin/bin/../../lib\liblega-pic30-elf.a(crt0_standard.o)
                  0x000200                  __resetPRI
                  0x000200                  __reset
                  0x00023c                  __psv_init
 .init            0x00024c         0x7c c:/program files (x86)/microchip/xc16/v1.33/bin/bin/../../lib\liblega-pic30-elf.a(data_init_standard.o)
                  0x000252                  __data_init_standard
                  0x000252                  __data_init
 *(.user_init)
 *(.handle)
 *(.isr*)
 .isr             0x0002cc          0x4 default_isr
                  0x0002cc                  __DefaultInterrupt
 *(.libc)
 *(.libm)
 *(.libdsp)
 *(.lib*)
 .libpic30_crt_start_mode
                  0x0002d0          0x2 c:/program files (x86)/microchip/xc16/v1.33/bin/bin/../../lib\liblega-pic30-elf.a(crt_start_mode_normal.Leo)
                  0x0002d0                  __crt_start_mode
                  0x0002d0                  __crt_start_mode_normal
 .libc.memcpy     0x0002d2          0xe c:/program files (x86)/microchip/xc16/v1.33/bin/bin/../../lib\liblega-c-elf.a(memcpy.XX_eo)
                  0x0002d2                  _memcpy
 .libc.strcmp     0x0002e0         0x20 c:/program files (x86)/microchip/xc16/v1.33/bin/bin/../../lib\liblega-c-elf.a(strcmp.XX_eo)
                  0x0002e0                  _strcmp
 .libc.prout      0x000300          0xe c:/program files (x86)/microchip/xc16/v1.33/bin/bin/../../lib\liblega-c-elf.a(sprintf_cdnopuxX.XXeo)
                  0x000300                  sprintf_cdnopuxX.XXeo:_prout
 .libc._sprintf_cdnopuxX
                  0x00030e         0x1e c:/program files (x86)/microchip/xc16/v1.33/bin/bin/../../lib\liblega-c-elf.a(sprintf_cdnopuxX.XXeo)
                  0x00030e                  __sprintf_cdnopuxX
 .libc.__Printf_cdnopuxX
                  0x00032c        0x164 c:/program files (x86)/microchip/xc16/v1.33/bin/bin/../../lib\liblega-c-elf.a(xprintf_cdnopuxX.XXeo)
                  0x00032c                  ___Printf_cdnopuxX
 .libc.__Putfld_cdnopuxX
                  0x000490        0x224 c:/program files (x86)/microchip/xc16/v1.33/bin/bin/../../lib\liblega-c-elf.a(xputfld_cdnopuxX.XXeo)
                  0x000490                  ___Putfld_cdnopuxX
 .libc.strchr     0x0006b4         0x18 c:/program files (x86)/microchip/xc16/v1.33/bin/bin/../../lib\liblega-c-elf.a(strchr.XX_eo)
                  0x0006b4                  _strchr
 .libc._Litob     0x0006cc        0x25e c:/program files (x86)/microchip/xc16/v1.33/bin/bin/../../lib\liblega-c-elf.a(xlitob.XX_eo)
                  0x0006cc                  __Litob
 .libc._Puttxt    0x00092a        0x178 c:/program files (x86)/microchip/xc16/v1.33/bin/bin/../../lib\liblega-c-elf.a(xputtxt.XX_eo)
                  0x00092a                  __Puttxt
 .libc._Vacopy    0x000aa2          0x4 c:/program files (x86)/microchip/xc16/v1.33/bin/bin/../../lib\liblega-c-elf.a(xvacopy.XX_eo)
                  0x000aa2                  __Vacopy
 .libm.divsi3     0x000aa6         0x1e c:/program files (x86)/microchip/xc16/v1.33/bin/bin/../../lib\libm-elf.a(divsi3.eo)
                  0x000aa6                  ___divsi3
 .libm.udivsi3    0x000ac4         0x20 c:/program files (x86)/microchip/xc16/v1.33/bin/bin/../../lib\libm-elf.a(udivsi3.eo)
                  0x000ac4                  ___udivsi3
 .libm.umodsi3    0x000ae4          0x6 c:/program files (x86)/microchip/xc16/v1.33/bin/bin/../../lib\libm-elf.a(umodsi3.eo)
                  0x000ae4                  ___umodsi3
 .libm.__PplusBdi
                  0x000aea         0x26 c:/program files (x86)/microchip/xc16/v1.33/bin/bin/../../lib\libm-elf.a(divmoddi3.eo)
 .libm.__PminusBdi
                  0x000b10         0x26 c:/program files (x86)/microchip/xc16/v1.33/bin/bin/../../lib\libm-elf.a(divmoddi3.eo)
 .libm.__udivmoddi3
                  0x000b36         0xe6 c:/program files (x86)/microchip/xc16/v1.33/bin/bin/../../lib\libm-elf.a(divmoddi3.eo)
                  0x000b36                  ___udivmoddi3
 .libm.__udivdi3
                  0x000c1c          0xe c:/program files (x86)/microchip/xc16/v1.33/bin/bin/../../lib\libm-elf.a(divmoddi3.eo)
                  0x000c1c                  ___udivdi3
 .libm.__umoddi3
                  0x000c2a          0x8 c:/program files (x86)/microchip/xc16/v1.33/bin/bin/../../lib\libm-elf.a(divmoddi3.eo)
                  0x000c2a                  ___umoddi3
 .libm.__divdi3
                  0x000c32         0x60 c:/program files (x86)/microchip/xc16/v1.33/bin/bin/../../lib\libm-elf.a(divmoddi3.eo)
                  0x000c32                  ___divdi3
 .libm.__moddi3
                  0x000c92         0x5c c:/program files (x86)/microchip/xc16/v1.33/bin/bin/../../lib\libm-elf.a(divmoddi3.eo)
                  0x000c92                  ___moddi3

usercode
 *(usercode)

__FBS             0xf80000          0x2
 *(__FBS.sec*)
 __FBS.sec        0xf80000          0x2 FBS
                  0xf80000                  __FBS.sec

__FGS             0xf80004          0x2
 *(__FGS.sec*)
 __FGS.sec        0xf80004          0x2 FGS
                  0xf80004                  __FGS.sec

__FOSCSEL
 *(__FOSCSEL.sec*)

__FOSC
 *(__FOSC.sec*)

__FWDT
 *(__FWDT.sec*)

__FPOR
 *(__FPOR.sec*)

__FICD
 *(__FICD.sec*)

.comment
 *(.comment)

.debug_info       0x000000       0x21f7
 *(.debug_info)
 .debug_info      0x000000        0x229 build/default/production/main.o
 .debug_info      0x000229       0x13ab build/default/production/common.o
 .debug_info      0x0015d4        0x86a build/default/production/app_lora.o
 .debug_info      0x001e3e        0x3b9 build/default/production/uart.o
 *(.gnu.linkonce.wi.*)

.debug_abbrev     0x000000        0x3d6
 *(.debug_abbrev)
 .debug_abbrev    0x000000         0x70 build/default/production/main.o
 .debug_abbrev    0x000070        0x14e build/default/production/common.o
 .debug_abbrev    0x0001be        0x12a build/default/production/app_lora.o
 .debug_abbrev    0x0002e8         0xee build/default/production/uart.o

.debug_line       0x000000        0x3e8
 *(.debug_line)
 .debug_line      0x000000         0x9c build/default/production/main.o
 .debug_line      0x00009c        0x164 build/default/production/common.o
 .debug_line      0x000200        0x100 build/default/production/app_lora.o
 .debug_line      0x000300         0xe8 build/default/production/uart.o

.debug_frame      0x000000        0x122
 *(.debug_frame)
 .debug_frame     0x000000         0x30 build/default/production/main.o
 .debug_frame     0x000030         0x4c build/default/production/common.o
 .debug_frame     0x00007c         0x76 build/default/production/app_lora.o
 .debug_frame     0x0000f2         0x30 build/default/production/uart.o

.debug_str        0x000000        0x13c
 *(.debug_str)
 .debug_str       0x000000         0xa4 build/default/production/common.o
 .debug_str       0x0000a4         0x8e build/default/production/app_lora.o
 .debug_str       0x000132          0xa build/default/production/uart.o

.debug_loc
 *(.debug_loc)

.debug_macinfo
 *(.debug_macinfo)

.debug_pubnames
                  0x000000        0x1b3
 *(.debug_pubnames)
 .debug_pubnames
                  0x000000         0x24 build/default/production/main.o
 .debug_pubnames
                  0x000024         0x2d build/default/production/common.o
 .debug_pubnames
                  0x000051        0x12f build/default/production/app_lora.o
 .debug_pubnames
                  0x000180         0x33 build/default/production/uart.o

.debug_ranges
 *(.debug_ranges)

.debug_aranges    0x000000         0x60
 *(.debug_aranges)
 .debug_aranges
                  0x000000         0x18 build/default/production/main.o
 .debug_aranges
                  0x000018         0x18 build/default/production/common.o
 .debug_aranges
                  0x000030         0x18 build/default/production/app_lora.o
 .debug_aranges
                  0x000048         0x18 build/default/production/uart.o
                    0x0000                  WREG0 = 0x0
                    0x0000                  _WREG0 = 0x0
                    0x0002                  WREG1 = 0x2
                    0x0002                  _WREG1 = 0x2
                    0x0004                  WREG2 = 0x4
                    0x0004                  _WREG2 = 0x4
                    0x0006                  WREG3 = 0x6
                    0x0006                  _WREG3 = 0x6
                    0x0008                  WREG4 = 0x8
                    0x0008                  _WREG4 = 0x8
                    0x000a                  WREG5 = 0xa
                    0x000a                  _WREG5 = 0xa
                    0x000c                  WREG6 = 0xc
                    0x000c                  _WREG6 = 0xc
                    0x000e                  WREG7 = 0xe
                    0x000e                  _WREG7 = 0xe
                    0x0010                  WREG8 = 0x10
                    0x0010                  _WREG8 = 0x10
                    0x0012                  WREG9 = 0x12
                    0x0012                  _WREG9 = 0x12
                    0x0014                  WREG10 = 0x14
                    0x0014                  _WREG10 = 0x14
                    0x0016                  WREG11 = 0x16
                    0x0016                  _WREG11 = 0x16
                    0x0018                  WREG12 = 0x18
                    0x0018                  _WREG12 = 0x18
                    0x001a                  WREG13 = 0x1a
                    0x001a                  _WREG13 = 0x1a
                    0x001c                  WREG14 = 0x1c
                    0x001c                  _WREG14 = 0x1c
                    0x001e                  WREG15 = 0x1e
                    0x001e                  _WREG15 = 0x1e
                    0x0020                  SPLIM = 0x20
                    0x0020                  _SPLIM = 0x20
                    0x002e                  PCL = 0x2e
                    0x002e                  _PCL = 0x2e
                    0x0030                  PCH = 0x30
                    0x0030                  _PCH = 0x30
                    0x0032                  TBLPAG = 0x32
                    0x0032                  _TBLPAG = 0x32
                    0x0034                  PSVPAG = 0x34
                    0x0034                  _PSVPAG = 0x34
                    0x0036                  RCOUNT = 0x36
                    0x0036                  _RCOUNT = 0x36
                    0x0042                  SR = 0x42
                    0x0042                  _SR = 0x42
                    0x0042                  _SRbits = 0x42
                    0x0044                  CORCON = 0x44
                    0x0044                  _CORCON = 0x44
                    0x0044                  _CORCONbits = 0x44
                    0x0052                  DISICNT = 0x52
                    0x0052                  _DISICNT = 0x52
                    0x0056                  CNPD1 = 0x56
                    0x0056                  _CNPD1 = 0x56
                    0x0056                  _CNPD1bits = 0x56
                    0x0058                  CNPD2 = 0x58
                    0x0058                  _CNPD2 = 0x58
                    0x0058                  _CNPD2bits = 0x58
                    0x0062                  CNEN1 = 0x62
                    0x0062                  _CNEN1 = 0x62
                    0x0062                  _CNEN1bits = 0x62
                    0x0064                  CNEN2 = 0x64
                    0x0064                  _CNEN2 = 0x64
                    0x0064                  _CNEN2bits = 0x64
                    0x006e                  CNPU1 = 0x6e
                    0x006e                  _CNPU1 = 0x6e
                    0x006e                  _CNPU1bits = 0x6e
                    0x0070                  CNPU2 = 0x70
                    0x0070                  _CNPU2 = 0x70
                    0x0070                  _CNPU2bits = 0x70
                    0x0080                  INTCON1 = 0x80
                    0x0080                  _INTCON1 = 0x80
                    0x0080                  _INTCON1bits = 0x80
                    0x0082                  INTCON2 = 0x82
                    0x0082                  _INTCON2 = 0x82
                    0x0082                  _INTCON2bits = 0x82
                    0x0084                  IFS0 = 0x84
                    0x0084                  _IFS0 = 0x84
                    0x0084                  _IFS0bits = 0x84
                    0x0086                  IFS1 = 0x86
                    0x0086                  _IFS1 = 0x86
                    0x0086                  _IFS1bits = 0x86
                    0x0088                  IFS2 = 0x88
                    0x0088                  _IFS2 = 0x88
                    0x0088                  _IFS2bits = 0x88
                    0x008a                  IFS3 = 0x8a
                    0x008a                  _IFS3 = 0x8a
                    0x008c                  IFS4 = 0x8c
                    0x008c                  _IFS4 = 0x8c
                    0x008c                  _IFS4bits = 0x8c
                    0x008e                  IFS5 = 0x8e
                    0x008e                  _IFS5 = 0x8e
                    0x008e                  _IFS5bits = 0x8e
                    0x0094                  IEC0 = 0x94
                    0x0094                  _IEC0 = 0x94
                    0x0094                  _IEC0bits = 0x94
                    0x0096                  IEC1 = 0x96
                    0x0096                  _IEC1 = 0x96
                    0x0096                  _IEC1bits = 0x96
                    0x0098                  IEC2 = 0x98
                    0x0098                  _IEC2 = 0x98
                    0x0098                  _IEC2bits = 0x98
                    0x009a                  IEC3 = 0x9a
                    0x009a                  _IEC3 = 0x9a
                    0x009c                  IEC4 = 0x9c
                    0x009c                  _IEC4 = 0x9c
                    0x009c                  _IEC4bits = 0x9c
                    0x009e                  IEC5 = 0x9e
                    0x009e                  _IEC5 = 0x9e
                    0x009e                  _IEC5bits = 0x9e
                    0x00a4                  IPC0 = 0xa4
                    0x00a4                  _IPC0 = 0xa4
                    0x00a4                  _IPC0bits = 0xa4
                    0x00a6                  IPC1 = 0xa6
                    0x00a6                  _IPC1 = 0xa6
                    0x00a6                  _IPC1bits = 0xa6
                    0x00a8                  IPC2 = 0xa8
                    0x00a8                  _IPC2 = 0xa8
                    0x00a8                  _IPC2bits = 0xa8
                    0x00aa                  IPC3 = 0xaa
                    0x00aa                  _IPC3 = 0xaa
                    0x00aa                  _IPC3bits = 0xaa
                    0x00ac                  IPC4 = 0xac
                    0x00ac                  _IPC4 = 0xac
                    0x00ac                  _IPC4bits = 0xac
                    0x00ae                  IPC5 = 0xae
                    0x00ae                  _IPC5 = 0xae
                    0x00ae                  _IPC5bits = 0xae
                    0x00b0                  IPC6 = 0xb0
                    0x00b0                  _IPC6 = 0xb0
                    0x00b2                  IPC7 = 0xb2
                    0x00b2                  _IPC7 = 0xb2
                    0x00b2                  _IPC7bits = 0xb2
                    0x00b6                  IPC9 = 0xb6
                    0x00b6                  _IPC9 = 0xb6
                    0x00b6                  _IPC9bits = 0xb6
                    0x00bc                  IPC12 = 0xbc
                    0x00bc                  _IPC12 = 0xbc
                    0x00c4                  IPC16 = 0xc4
                    0x00c4                  _IPC16 = 0xc4
                    0x00c4                  _IPC16bits = 0xc4
                    0x00c8                  IPC18 = 0xc8
                    0x00c8                  _IPC18 = 0xc8
                    0x00c8                  _IPC18bits = 0xc8
                    0x00cc                  IPC20 = 0xcc
                    0x00cc                  _IPC20 = 0xcc
                    0x00cc                  _IPC20bits = 0xcc
                    0x00e0                  INTTREG = 0xe0
                    0x00e0                  _INTTREG = 0xe0
                    0x00e0                  _INTTREGbits = 0xe0
                    0x0100                  TMR1 = 0x100
                    0x0100                  _TMR1 = 0x100
                    0x0102                  PR1 = 0x102
                    0x0102                  _PR1 = 0x102
                    0x0104                  T1CON = 0x104
                    0x0104                  _T1CON = 0x104
                    0x0104                  _T1CONbits = 0x104
                    0x0106                  TMR2 = 0x106
                    0x0106                  _TMR2 = 0x106
                    0x0108                  PR2 = 0x108
                    0x0108                  _PR2 = 0x108
                    0x010a                  T2CON = 0x10a
                    0x010a                  _T2CON = 0x10a
                    0x010a                  _T2CONbits = 0x10a
                    0x010c                  TMR3 = 0x10c
                    0x010c                  _TMR3 = 0x10c
                    0x010e                  T3GCON = 0x10e
                    0x010e                  _T3GCON = 0x10e
                    0x010e                  _T3GCONbits = 0x10e
                    0x0110                  T3CON = 0x110
                    0x0110                  _T3CON = 0x110
                    0x0110                  _T3CONbits = 0x110
                    0x0190                  CCP1CON = 0x190
                    0x0190                  _CCP1CON = 0x190
                    0x0190                  _CCP1CONbits = 0x190
                    0x0192                  CCPR1L = 0x192
                    0x0192                  _CCPR1L = 0x192
                    0x0194                  CCPR1H = 0x194
                    0x0194                  _CCPR1H = 0x194
                    0x019c                  CCP2CON = 0x19c
                    0x019c                  _CCP2CON = 0x19c
                    0x019c                  _CCP2CONbits = 0x19c
                    0x019e                  CCPR2L = 0x19e
                    0x019e                  _CCPR2L = 0x19e
                    0x01a0                  CCPR2H = 0x1a0
                    0x01a0                  _CCPR2H = 0x1a0
                    0x0200                  SPI1BUF = 0x200
                    0x0200                  _SPI1BUF = 0x200
                    0x0200                  _SPI1BUFbits = 0x200
                    0x0200                  SSP1BUF = 0x200
                    0x0200                  _SSP1BUF = 0x200
                    0x0200                  _SSP1BUFbits = 0x200
                    0x0202                  SSP1CON1 = 0x202
                    0x0202                  _SSP1CON1 = 0x202
                    0x0202                  _SSP1CON1bits = 0x202
                    0x0204                  SSP1CON2 = 0x204
                    0x0204                  _SSP1CON2 = 0x204
                    0x0204                  _SSP1CON2bits = 0x204
                    0x0206                  SSP1CON3 = 0x206
                    0x0206                  _SSP1CON3 = 0x206
                    0x0206                  _SSP1CON3bits = 0x206
                    0x0208                  SSP1STAT = 0x208
                    0x0208                  _SSP1STAT = 0x208
                    0x0208                  _SSP1STATbits = 0x208
                    0x020a                  I2C1ADD = 0x20a
                    0x020a                  _I2C1ADD = 0x20a
                    0x020a                  _I2C1ADDbits = 0x20a
                    0x020a                  SSP1ADD = 0x20a
                    0x020a                  _SSP1ADD = 0x20a
                    0x020a                  _SSP1ADDbits = 0x20a
                    0x020c                  I2C1MSK = 0x20c
                    0x020c                  _I2C1MSK = 0x20c
                    0x020c                  _I2C1MSKbits = 0x20c
                    0x020c                  SSP1MSK = 0x20c
                    0x020c                  _SSP1MSK = 0x20c
                    0x020c                  _SSP1MSKbits = 0x20c
                    0x0220                  U1MODE = 0x220
                    0x0220                  _U1MODE = 0x220
                    0x0220                  _U1MODEbits = 0x220
                    0x0222                  U1STA = 0x222
                    0x0222                  _U1STA = 0x222
                    0x0222                  _U1STAbits = 0x222
                    0x0224                  U1TXREG = 0x224
                    0x0224                  _U1TXREG = 0x224
                    0x0224                  _U1TXREGbits = 0x224
                    0x0226                  U1RXREG = 0x226
                    0x0226                  _U1RXREG = 0x226
                    0x0226                  _U1RXREGbits = 0x226
                    0x0228                  U1BRG = 0x228
                    0x0228                  _U1BRG = 0x228
                    0x02c0                  TRISA = 0x2c0
                    0x02c0                  _TRISA = 0x2c0
                    0x02c0                  _TRISAbits = 0x2c0
                    0x02c2                  PORTA = 0x2c2
                    0x02c2                  _PORTA = 0x2c2
                    0x02c2                  _PORTAbits = 0x2c2
                    0x02c4                  LATA = 0x2c4
                    0x02c4                  _LATA = 0x2c4
                    0x02c4                  _LATAbits = 0x2c4
                    0x02c6                  ODCA = 0x2c6
                    0x02c6                  _ODCA = 0x2c6
                    0x02c6                  _ODCAbits = 0x2c6
                    0x02c8                  TRISB = 0x2c8
                    0x02c8                  _TRISB = 0x2c8
                    0x02c8                  _TRISBbits = 0x2c8
                    0x02ca                  PORTB = 0x2ca
                    0x02ca                  _PORTB = 0x2ca
                    0x02ca                  _PORTBbits = 0x2ca
                    0x02cc                  LATB = 0x2cc
                    0x02cc                  _LATB = 0x2cc
                    0x02cc                  _LATBbits = 0x2cc
                    0x02ce                  ODCB = 0x2ce
                    0x02ce                  _ODCB = 0x2ce
                    0x02ce                  _ODCBbits = 0x2ce
                    0x02fc                  PADCFG1 = 0x2fc
                    0x02fc                  _PADCFG1 = 0x2fc
                    0x02fc                  _PADCFG1bits = 0x2fc
                    0x0300                  ADC1BUF0 = 0x300
                    0x0300                  _ADC1BUF0 = 0x300
                    0x0302                  ADC1BUF1 = 0x302
                    0x0302                  _ADC1BUF1 = 0x302
                    0x0320                  AD1CON1 = 0x320
                    0x0320                  _AD1CON1 = 0x320
                    0x0320                  _AD1CON1bits = 0x320
                    0x0322                  AD1CON2 = 0x322
                    0x0322                  _AD1CON2 = 0x322
                    0x0322                  _AD1CON2bits = 0x322
                    0x0324                  AD1CON3 = 0x324
                    0x0324                  _AD1CON3 = 0x324
                    0x0324                  _AD1CON3bits = 0x324
                    0x0328                  AD1CHS = 0x328
                    0x0328                  _AD1CHS = 0x328
                    0x0328                  _AD1CHSbits = 0x328
                    0x0330                  AD1CSSL = 0x330
                    0x0330                  _AD1CSSL = 0x330
                    0x0330                  _AD1CSSLbits = 0x330
                    0x04de                  ANCFG = 0x4de
                    0x04de                  _ANCFG = 0x4de
                    0x04de                  _ANCFGbits = 0x4de
                    0x04e0                  ANSA = 0x4e0
                    0x04e0                  _ANSA = 0x4e0
                    0x04e0                  _ANSAbits = 0x4e0
                    0x04e0                  ANSELA = 0x4e0
                    0x04e0                  _ANSELA = 0x4e0
                    0x04e0                  _ANSELAbits = 0x4e0
                    0x04e2                  ANSB = 0x4e2
                    0x04e2                  _ANSB = 0x4e2
                    0x04e2                  _ANSBbits = 0x4e2
                    0x04e2                  ANSELB = 0x4e2
                    0x04e2                  _ANSELB = 0x4e2
                    0x04e2                  _ANSELBbits = 0x4e2
                    0x0630                  CMSTAT = 0x630
                    0x0630                  _CMSTAT = 0x630
                    0x0630                  _CMSTATbits = 0x630
                    0x0632                  CVRCON = 0x632
                    0x0632                  _CVRCON = 0x632
                    0x0632                  _CVRCONbits = 0x632
                    0x0634                  CM1CON = 0x634
                    0x0634                  _CM1CON = 0x634
                    0x0634                  _CM1CONbits = 0x634
                    0x0740                  RCON = 0x740
                    0x0740                  _RCON = 0x740
                    0x0740                  _RCONbits = 0x740
                    0x0742                  OSCCON = 0x742
                    0x0742                  _OSCCON = 0x742
                    0x0742                  _OSCCONbits = 0x742
                    0x0742                  OSCCONL = 0x742
                    0x0742                  _OSCCONL = 0x742
                    0x0743                  OSCCONH = 0x743
                    0x0743                  _OSCCONH = 0x743
                    0x0744                  CLKDIV = 0x744
                    0x0744                  _CLKDIV = 0x744
                    0x0744                  _CLKDIVbits = 0x744
                    0x0748                  OSCTUN = 0x748
                    0x0748                  _OSCTUN = 0x748
                    0x0748                  _OSCTUNbits = 0x748
                    0x074e                  REFOCON = 0x74e
                    0x074e                  _REFOCON = 0x74e
                    0x074e                  _REFOCONbits = 0x74e
                    0x0756                  HLVDCON = 0x756
                    0x0756                  _HLVDCON = 0x756
                    0x0756                  _HLVDCONbits = 0x756
                    0x0760                  NVMCON = 0x760
                    0x0760                  _NVMCON = 0x760
                    0x0760                  _NVMCONbits = 0x760
                    0x0766                  NVMKEY = 0x766
                    0x0766                  _NVMKEY = 0x766
                    0x0766                  _NVMKEYbits = 0x766
                    0x0768                  ULPWCON = 0x768
                    0x0768                  _ULPWCON = 0x768
                    0x0768                  _ULPWCONbits = 0x768
                    0x0770                  PMD1 = 0x770
                    0x0770                  _PMD1 = 0x770
                    0x0770                  _PMD1bits = 0x770
                    0x0770                  PMDIS1 = 0x770
                    0x0770                  _PMDIS1 = 0x770
                    0x0770                  _PMDIS1bits = 0x770
                    0x0772                  PMD2 = 0x772
                    0x0772                  _PMD2 = 0x772
                    0x0772                  _PMD2bits = 0x772
                    0x0772                  PMDIS2 = 0x772
                    0x0772                  _PMDIS2 = 0x772
                    0x0772                  _PMDIS2bits = 0x772
                    0x0774                  PMD3 = 0x774
                    0x0774                  _PMD3 = 0x774
                    0x0774                  _PMD3bits = 0x774
                    0x0774                  PMDIS3 = 0x774
                    0x0774                  _PMDIS3 = 0x774
                    0x0774                  _PMDIS3bits = 0x774
                    0x0776                  PMD4 = 0x776
                    0x0776                  _PMD4 = 0x776
                    0x0776                  _PMD4bits = 0x776
                    0x0776                  PMDIS4 = 0x776
                    0x0776                  _PMDIS4 = 0x776
                    0x0776                  _PMDIS4bits = 0x776
                    0x0220                  UART1 = 0x220
                    0x0220                  _UART1 = 0x220
START GROUP
LOAD c:/program files (x86)/microchip/xc16/v1.33/bin/bin/../../lib\liblega-pic30-elf.a
LOAD c:/program files (x86)/microchip/xc16/v1.33/bin/bin/../../lib\libm-elf.a
LOAD c:/program files (x86)/microchip/xc16/v1.33/bin/bin/../../lib\liblega-c-elf.a
END GROUP
OUTPUT(dist/default/production/CR-18.X.production.elf elf32-pic30)
LOAD FGS
LOAD FBS
LOAD jump_table
LOAD default_isr
LOAD data_init

.debug_pubtypes
                  0x000060        0x320
 .debug_pubtypes
                  0x000060         0x4b build/default/production/main.o
 .debug_pubtypes
                  0x0000ab        0x240 build/default/production/common.o
 .debug_pubtypes
                  0x0002eb         0x57 build/default/production/app_lora.o
 .debug_pubtypes
                  0x000342         0x3e build/default/production/uart.o

__c30_signature
                  0x000380         0x72
 __c30_signature
                  0x000380          0x6 build/default/production/main.o
 __c30_signature
                  0x000386          0x6 build/default/production/common.o
 __c30_signature
                  0x00038c          0x6 build/default/production/app_lora.o
 __c30_signature
                  0x000392          0x6 build/default/production/uart.o
 __c30_signature
                  0x000398          0x6 c:/program files (x86)/microchip/xc16/v1.33/bin/bin/../../lib\liblega-pic30-elf.a(crt0_standard.o)
 __c30_signature
                  0x00039e          0x6 c:/program files (x86)/microchip/xc16/v1.33/bin/bin/../../lib\liblega-pic30-elf.a(data_init_standard.o)
 __c30_signature
                  0x0003a4          0x6 c:/program files (x86)/microchip/xc16/v1.33/bin/bin/../../lib\liblega-c-elf.a(memcpy.XX_eo)
 __c30_signature
                  0x0003aa          0x6 c:/program files (x86)/microchip/xc16/v1.33/bin/bin/../../lib\liblega-c-elf.a(strcmp.XX_eo)
 __c30_signature
                  0x0003b0          0x6 c:/program files (x86)/microchip/xc16/v1.33/bin/bin/../../lib\liblega-c-elf.a(sprintf_cdnopuxX.XXeo)
 __c30_signature
                  0x0003b6          0x6 c:/program files (x86)/microchip/xc16/v1.33/bin/bin/../../lib\liblega-c-elf.a(xprintf_cdnopuxX.XXeo)
 __c30_signature
                  0x0003bc          0x6 c:/program files (x86)/microchip/xc16/v1.33/bin/bin/../../lib\liblega-c-elf.a(xputfld_cdnopuxX.XXeo)
 __c30_signature
                  0x0003c2          0x6 c:/program files (x86)/microchip/xc16/v1.33/bin/bin/../../lib\liblega-c-elf.a(strchr.XX_eo)
 __c30_signature
                  0x0003c8          0x6 c:/program files (x86)/microchip/xc16/v1.33/bin/bin/../../lib\liblega-c-elf.a(xlitob.XX_eo)
 __c30_signature
                  0x0003ce          0x6 c:/program files (x86)/microchip/xc16/v1.33/bin/bin/../../lib\liblega-c-elf.a(xputtxt.XX_eo)
 __c30_signature
                  0x0003d4          0x6 c:/program files (x86)/microchip/xc16/v1.33/bin/bin/../../lib\liblega-c-elf.a(xvacopy.XX_eo)
 __c30_signature
                  0x0003da          0x6 c:/program files (x86)/microchip/xc16/v1.33/bin/bin/../../lib\libm-elf.a(divsi3.eo)
 __c30_signature
                  0x0003e0          0x6 c:/program files (x86)/microchip/xc16/v1.33/bin/bin/../../lib\libm-elf.a(udivsi3.eo)
 __c30_signature
                  0x0003e6          0x6 c:/program files (x86)/microchip/xc16/v1.33/bin/bin/../../lib\libm-elf.a(umodsi3.eo)
 __c30_signature
                  0x0003ec          0x6 c:/program files (x86)/microchip/xc16/v1.33/bin/bin/../../lib\libm-elf.a(divmoddi3.eo)

.nbss               0x0800         0xc8
 .nbss              0x0800         0xc2 build/default/production/app_lora.o
                    0x0800                  _stUART2
                    0x0808                  _stTemporizacao
                    0x0814                  _enLoRaEstadoAtual
                    0x0816                  _stLoRa
                    0x081c                  _byTemDadosParaEnviar
                    0x081e                  _wRetTrataCmdLoRa
                    0x0820                  _byTemRespostaIntermediaria
                    0x0821                  _byBufferUART2Tx
                    0x0861                  _byBufferUART2Rx
                    0x08a1                  _byBufferAux
 .nbss              0x08c2          0x6 build/default/production/main.o
                    0x08c2                  _cr18

.data               0x08c8         0x3c
 .data              0x08c8         0x22 c:/program files (x86)/microchip/xc16/v1.33/bin/bin/../../lib\liblega-c-elf.a(xlitob.XX_eo)
 .data              0x08ea         0x1a c:/program files (x86)/microchip/xc16/v1.33/bin/bin/../../lib\liblega-c-elf.a(xprintf_cdnopuxX.XXeo)

.config_ICS       0xf8000e          0x2
 .config_ICS      0xf8000e          0x2 build/default/production/main.o

.config_MCLRE     0xf8000c          0x2
 .config_MCLRE    0xf8000c          0x2 build/default/production/main.o

.config_WINDIS    0xf8000a          0x2
 .config_WINDIS
                  0xf8000a          0x2 build/default/production/main.o

.config_FCKSM     0xf80008          0x2
 .config_FCKSM    0xf80008          0x2 build/default/production/main.o

.config_IESO      0xf80006          0x2
 .config_IESO     0xf80006          0x2 build/default/production/main.o

.const              0x8cee        0x142 load address 0x000cee  
 .const             0x8cee        0x142 build/default/production/app_lora.o

.text             0x000e30        0x48c
 .text            0x000e30        0x33a build/default/production/app_lora.o
                  0x000e30                  _LORA_TrataComandosLoRa
                  0x001092                  _LORA_VerificaRespostaLoRa
                  0x0010ce                  _LORA_MaquinaDeControleLoRa
 .text            0x00116a        0x152 build/default/production/common.o
                  0x00116a                  _init_pic
                  0x0011dc                  _blink_led

.dinit            0x0012bc         0x44
 .dinit           0x0012bc         0x44 data_init

.text             0x001300         0x3c
 .text            0x001300         0x34 build/default/production/uart.o
                  0x001300                  _UART_UART2EnviaTxBufferASCII
 .text            0x001334          0x8 build/default/production/main.o
                  0x001334                  _main
